// Jest Snapshot v1, https://goo.gl/fbAQLP

exports[`renders without crashing 1`] = `
<header
  className="sc-bdVaJa itvZZM"
>
  <img
    src="Yak_White.svg"
  />
  <h3>
    Yak
  </h3>
</header>
`;
